---
source: crates/content/tests/golden.rs
expression: normalize(&out.html)
---
<h1>Heading</h1>
<p>Paragraph with <strong>bold</strong> and <code>inline code</code>.</p>
<aside class="callout callout-tip" data-callout="tip"><p>Tip body with <a href="https://example.com">a link</a>.</p>
</aside><figure class="code-block" data-lang="rust" data-playground="rust">
<pre><code class="language-rust">
fn main() {
    println!(&quot;hi&quot;);
}
</code></pre>
</figure><figure class="chart-block">
<canvas id="chart-XXXX" data-chart-type="line" data-chart-src="data/x.json"></canvas>
<figcaption>A line chart</figcaption>
</figure><div class="animate-block" data-preset="slide-up" data-keyframes=''>
<p>Wrapped content.</p>

</div><figure class="img-block" style="--w:100%;" style="aspect-ratio:16/9;">
<img src="/m/a.png" alt="A" loading="lazy" />
<figcaption>Cap</figcaption>
</figure><iframe class="playable-block" src="https://play.rust-lang.org/?version=stable&mode=debug&edition=2021&gist=abc123" loading="lazy" title="Rust Playground" sandbox="allow-scripts allow-same-origin allow-forms"></iframe><figure class="embed-block" data-provider="youtube"><iframe loading="lazy" src="https://www.youtube-nocookie.com/embed/dQw4w9WgXcQ" title="YouTube video" allow="accelerometer; encrypted-media; picture-in-picture" allowfullscreen></iframe></figure>
